[INFO] Scanning for projects...
[INFO] 
[INFO] ------------------------< com.smartcampus:api >-------------------------
[INFO] Building SmartCampus API 0.0.1-SNAPSHOT
[INFO]   from pom.xml
[INFO] --------------------------------[ jar ]---------------------------------
[INFO] 
[INFO] >>> spring-boot:3.3.2:run (default-cli) > test-compile @ api >>>
[INFO] 
[INFO] --- resources:3.3.1:resources (default-resources) @ api ---
[INFO] Copying 1 resource from src/main/resources to target/classes
[INFO] Copying 0 resource from src/main/resources to target/classes
[INFO] 
[INFO] --- compiler:3.13.0:compile (default-compile) @ api ---
[INFO] Nothing to compile - all classes are up to date.
[INFO] 
[INFO] --- resources:3.3.1:testResources (default-testResources) @ api ---
[INFO] skip non existing resourceDirectory /Users/ravindirathnayake/Documents/it3030-paf-2026-smart-campus-gorup-Y3S2-WE-44/backend/src/test/resources
[INFO] 
[INFO] --- compiler:3.13.0:testCompile (default-testCompile) @ api ---
[INFO] Recompiling the module because of changed source code.
[INFO] Compiling 1 source file with javac [debug parameters release 17] to target/test-classes
[INFO] 
[INFO] <<< spring-boot:3.3.2:run (default-cli) < test-compile @ api <<<
[INFO] 
[INFO] 
[INFO] --- spring-boot:3.3.2:run (default-cli) @ api ---
[INFO] Attaching agents: []

  .   ____          _            __ _ _
 /\\ / ___'_ __ _ _(_)_ __  __ _ \ \ \ \
( ( )\___ | '_ | '_| | '_ \/ _` | \ \ \ \
 \\/  ___)| |_)| | | | | || (_| |  ) ) ) )
  '  |____| .__|_| |_|_| |_\__, | / / / /
 =========|_|==============|___/=/_/_/_/

 :: Spring Boot ::                (v3.3.2)

2026-04-25T08:58:00.372+05:30  INFO 69775 --- [SmartCampus API] [           main] c.s.api.SmartCampusApiApplication        : Starting SmartCampusApiApplication using Java 17.0.18 with PID 69775 (/Users/ravindirathnayake/Documents/it3030-paf-2026-smart-campus-gorup-Y3S2-WE-44/backend/target/classes started by ravindirathnayake in /Users/ravindirathnayake/Documents/it3030-paf-2026-smart-campus-gorup-Y3S2-WE-44/backend)
2026-04-25T08:58:00.373+05:30  INFO 69775 --- [SmartCampus API] [           main] c.s.api.SmartCampusApiApplication        : The following 1 profile is active: "dev"
2026-04-25T08:58:00.575+05:30  INFO 69775 --- [SmartCampus API] [           main] .s.d.r.c.RepositoryConfigurationDelegate : Bootstrapping Spring Data JPA repositories in DEFAULT mode.
2026-04-25T08:58:00.598+05:30  INFO 69775 --- [SmartCampus API] [           main] .s.d.r.c.RepositoryConfigurationDelegate : Finished Spring Data repository scanning in 20 ms. Found 7 JPA repository interfaces.
2026-04-25T08:58:00.781+05:30  INFO 69775 --- [SmartCampus API] [           main] o.s.b.w.embedded.tomcat.TomcatWebServer  : Tomcat initialized with port 8081 (http)
2026-04-25T08:58:00.784+05:30  INFO 69775 --- [SmartCampus API] [           main] o.apache.catalina.core.StandardService   : Starting service [Tomcat]
2026-04-25T08:58:00.784+05:30  INFO 69775 --- [SmartCampus API] [           main] o.apache.catalina.core.StandardEngine    : Starting Servlet engine: [Apache Tomcat/10.1.26]
2026-04-25T08:58:00.802+05:30  INFO 69775 --- [SmartCampus API] [           main] o.a.c.c.C.[Tomcat].[localhost].[/]       : Initializing Spring embedded WebApplicationContext
2026-04-25T08:58:00.803+05:30  INFO 69775 --- [SmartCampus API] [           main] w.s.c.ServletWebServerApplicationContext : Root WebApplicationContext: initialization completed in 417 ms
2026-04-25T08:58:00.816+05:30  INFO 69775 --- [SmartCampus API] [           main] com.zaxxer.hikari.HikariDataSource       : HikariPool-1 - Starting...
2026-04-25T08:58:00.895+05:30  INFO 69775 --- [SmartCampus API] [           main] com.zaxxer.hikari.pool.HikariPool        : HikariPool-1 - Added connection conn0: url=jdbc:h2:file:./data/smartcampus user=SA
2026-04-25T08:58:00.896+05:30  INFO 69775 --- [SmartCampus API] [           main] com.zaxxer.hikari.HikariDataSource       : HikariPool-1 - Start completed.
2026-04-25T08:58:00.899+05:30  INFO 69775 --- [SmartCampus API] [           main] o.s.b.a.h2.H2ConsoleAutoConfiguration    : H2 console available at '/h2-console'. Database available at 'jdbc:h2:file:./data/smartcampus'
2026-04-25T08:58:00.934+05:30  INFO 69775 --- [SmartCampus API] [           main] o.hibernate.jpa.internal.util.LogHelper  : HHH000204: Processing PersistenceUnitInfo [name: default]
2026-04-25T08:58:00.948+05:30  INFO 69775 --- [SmartCampus API] [           main] org.hibernate.Version                    : HHH000412: Hibernate ORM core version 6.5.2.Final
2026-04-25T08:58:00.960+05:30  INFO 69775 --- [SmartCampus API] [           main] o.h.c.internal.RegionFactoryInitiator    : HHH000026: Second-level cache disabled
2026-04-25T08:58:01.035+05:30  INFO 69775 --- [SmartCampus API] [           main] o.s.o.j.p.SpringPersistenceUnitInfo      : No LoadTimeWeaver setup: ignoring JPA class transformer
2026-04-25T08:58:01.047+05:30  WARN 69775 --- [SmartCampus API] [           main] org.hibernate.orm.deprecation            : HHH90000025: H2Dialect does not need to be specified explicitly using 'hibernate.dialect' (remove the property setting and it will be selected by default)
2026-04-25T08:58:01.363+05:30  INFO 69775 --- [SmartCampus API] [           main] o.h.e.t.j.p.i.JtaPlatformInitiator       : HHH000489: No JTA platform available (set 'hibernate.transaction.jta.platform' to enable JTA platform integration)
2026-04-25T08:58:01.385+05:30  INFO 69775 --- [SmartCampus API] [           main] j.LocalContainerEntityManagerFactoryBean : Initialized JPA EntityManagerFactory for persistence unit 'default'
2026-04-25T08:58:01.529+05:30  INFO 69775 --- [SmartCampus API] [           main] eAuthenticationProviderManagerConfigurer : Global AuthenticationManager configured with AuthenticationProvider bean with name authenticationProvider
2026-04-25T08:58:01.529+05:30  WARN 69775 --- [SmartCampus API] [           main] r$InitializeUserDetailsManagerConfigurer : Global AuthenticationManager configured with an AuthenticationProvider bean. UserDetailsService beans will not be used for username/password login. Consider removing the AuthenticationProvider bean. Alternatively, consider using the UserDetailsService in a manually instantiated DaoAuthenticationProvider.
2026-04-25T08:58:01.542+05:30  INFO 69775 --- [SmartCampus API] [           main] o.s.d.j.r.query.QueryEnhancerFactory     : Hibernate is in classpath; If applicable, HQL parser will be used.
2026-04-25T08:58:01.846+05:30  WARN 69775 --- [SmartCampus API] [           main] JpaBaseConfiguration$JpaWebConfiguration : spring.jpa.open-in-view is enabled by default. Therefore, database queries may be performed during view rendering. Explicitly configure spring.jpa.open-in-view to disable this warning
2026-04-25T08:58:02.108+05:30  INFO 69775 --- [SmartCampus API] [           main] o.s.b.w.embedded.tomcat.TomcatWebServer  : Tomcat started on port 8081 (http) with context path '/'
2026-04-25T08:58:02.112+05:30  INFO 69775 --- [SmartCampus API] [           main] c.s.api.SmartCampusApiApplication        : Started SmartCampusApiApplication in 1.839 seconds (process running for 1.934)
2026-04-25T08:58:18.074+05:30  INFO 69775 --- [SmartCampus API] [nio-8081-exec-1] o.a.c.c.C.[Tomcat].[localhost].[/]       : Initializing Spring DispatcherServlet 'dispatcherServlet'
2026-04-25T08:58:18.074+05:30  INFO 69775 --- [SmartCampus API] [nio-8081-exec-1] o.s.web.servlet.DispatcherServlet        : Initializing Servlet 'dispatcherServlet'
2026-04-25T08:58:18.075+05:30  INFO 69775 --- [SmartCampus API] [nio-8081-exec-1] o.s.web.servlet.DispatcherServlet        : Completed initialization in 1 ms
